// Jest Snapshot v1, https://goo.gl/fbAQLP

exports[`renders correctly 1`] = `
<View
  style={
    Object {
      "flex": 1,
    }
  }
>
  <View
    style={
      Object {
        "bottom": 0,
        "left": 0,
        "opacity": 1,
        "position": "absolute",
        "right": 0,
        "top": 0,
      }
    }
  >
    <Image
      source={1}
      style={
        Object {
          "flex": 1,
          "height": undefined,
          "width": undefined,
        }
      }
    />
  </View>
  <RNCMaskedView
    style={
      Object {
        "flex": 1,
      }
    }
  >
    <View
      pointerEvents="none"
      style={
        Object {
          "bottom": 0,
          "left": 0,
          "position": "absolute",
          "right": 0,
          "top": 0,
        }
      }
    >
      <View
        style={
          Object {
            "alignItems": "center",
            "flex": 1,
            "justifyContent": "center",
          }
        }
      >
        <Image
          resizeMode="contain"
          source={1}
          style={
            Object {
              "alignItems": "center",
              "justifyContent": "center",
              "opacity": 0,
              "position": "absolute",
              "transform": Array [
                Object {
                  "scale": 0.1,
                },
              ],
              "width": 1000,
            }
          }
        />
        <View
          style={
            Object {
              "alignItems": "center",
              "backgroundColor": "grey",
              "borderRadius": 50,
              "height": 100,
              "justifyContent": "center",
              "opacity": 1,
              "position": "absolute",
              "transform": Array [
                Object {
                  "scale": 0,
                },
              ],
              "width": 100,
            }
          }
        />
      </View>
    </View>
    <View
      style={
        Array [
          Object {
            "bottom": 0,
            "left": 0,
            "position": "absolute",
            "right": 0,
            "top": 0,
          },
          Object {
            "backgroundColor": "white",
          },
        ]
      }
    />
  </RNCMaskedView>
</View>
`;
