// Jest Snapshot v1, https://goo.gl/fbAQLP

exports[`renders correctly 1`] = `
<View
  onLayout={[Function]}
  style={
    Object {
      "flex": 1,
    }
  }
>
  <View
    style={
      Object {
        "alignItems": "center",
        "flex": 1,
        "justifyContent": "center",
      }
    }
  >
    <ActivityIndicator
      animating={true}
      color="#6646ee"
      hidesWhenStopped={true}
      size="large"
    />
  </View>
</View>
`;
