// Jest Snapshot v1, https://goo.gl/fbAQLP

exports[`CommandCard renders correctly 1`] = `
<View
  accessible={true}
  focusable={false}
  isTVSelectable={true}
  onClick={[Function]}
  onResponderGrant={[Function]}
  onResponderMove={[Function]}
  onResponderRelease={[Function]}
  onResponderTerminate={[Function]}
  onResponderTerminationRequest={[Function]}
  onStartShouldSetResponder={[Function]}
  style={
    Object {
      "alignItems": "center",
      "backgroundColor": "#ffffff",
      "borderColor": "#020a41",
      "borderRadius": 5,
      "borderWidth": 1,
      "flexDirection": "row",
      "marginHorizontal": 20,
      "marginTop": 35,
      "opacity": 1,
    }
  }
>
  <Image
    resizeMode="cover"
    style={
      Object {
        "borderBottomLeftRadius": 5,
        "borderTopLeftRadius": 5,
        "height": 100,
        "marginRight": 20,
        "width": 75,
      }
    }
  />
  <View
    style={
      Object {
        "flex": 1,
      }
    }
  >
    <Text
      style={
        Array [
          Object {
            "color": "#333333",
            "fontSize": 20,
          },
          Object {
            "fontFamily": "andale-mono",
          },
        ]
      }
    />
  </View>
</View>
`;

exports[`CommandCard renders correctly with an image 1`] = `ShallowWrapper {}`;
