// Jest Snapshot v1, https://goo.gl/fbAQLP

exports[`renders correctly 1`] = `
<View
  style={
    Object {
      "alignItems": "center",
      "backgroundColor": "#ffffff",
      "flex": 1,
      "justifyContent": "space-evenly",
      "width": "100%",
    }
  }
>
  <View
    style={
      Object {
        "flexDirection": "row",
        "justifyContent": "space-evenly",
      }
    }
  >
    <Image
      source={1}
      style={
        Object {
          "height": 120,
          "width": 120,
        }
      }
    />
    <Image
      source={1}
      style={
        Object {
          "height": 120,
          "marginLeft": 20,
          "width": 170,
        }
      }
    />
  </View>
  <View
    style={
      Object {
        "width": "90%",
      }
    }
  >
    <View
      accessible={true}
      focusable={true}
      isTVSelectable={true}
      onClick={[Function]}
      onResponderGrant={[Function]}
      onResponderMove={[Function]}
      onResponderRelease={[Function]}
      onResponderTerminate={[Function]}
      onResponderTerminationRequest={[Function]}
      onStartShouldSetResponder={[Function]}
      style={
        Object {
          "alignItems": "center",
          "backgroundColor": "#020a41",
          "borderRadius": 5,
          "flexDirection": "row",
          "justifyContent": "center",
          "marginVertical": 10,
          "opacity": 1,
          "padding": 10,
          "width": "100%",
        }
      }
    >
      <Image
        source={1}
        style={
          Object {
            "height": 20,
            "marginLeft": 30,
            "width": 20,
          }
        }
      />
      <Text
        style={
          Array [
            Object {
              "backgroundColor": "transparent",
              "color": "#ffffff",
              "fontSize": 18,
              "marginHorizontal": 30,
              "marginTop": 7,
            },
            Object {
              "fontFamily": "andale-mono",
            },
          ]
        }
      >
        Notable Events
      </Text>
      <Image
        source={1}
        style={
          Object {
            "height": 20,
            "marginRight": 30,
            "width": 20,
          }
        }
      />
    </View>
    <View
      accessible={true}
      focusable={true}
      isTVSelectable={true}
      onClick={[Function]}
      onResponderGrant={[Function]}
      onResponderMove={[Function]}
      onResponderRelease={[Function]}
      onResponderTerminate={[Function]}
      onResponderTerminationRequest={[Function]}
      onStartShouldSetResponder={[Function]}
      style={
        Object {
          "alignItems": "center",
          "backgroundColor": "#020a41",
          "borderRadius": 5,
          "flexDirection": "row",
          "justifyContent": "center",
          "marginVertical": 10,
          "opacity": 1,
          "padding": 10,
          "width": "100%",
        }
      }
    >
      <Image
        source={1}
        style={
          Object {
            "height": 20,
            "marginLeft": 30,
            "width": 20,
          }
        }
      />
      <Text
        style={
          Array [
            Object {
              "backgroundColor": "transparent",
              "color": "#ffffff",
              "fontSize": 18,
              "marginHorizontal": 30,
              "marginTop": 7,
            },
            Object {
              "fontFamily": "andale-mono",
            },
          ]
        }
      >
        MoH Recipients
      </Text>
      <Image
        source={1}
        style={
          Object {
            "height": 20,
            "marginRight": 30,
            "width": 20,
          }
        }
      />
    </View>
    <View
      accessible={true}
      focusable={true}
      isTVSelectable={true}
      onClick={[Function]}
      onResponderGrant={[Function]}
      onResponderMove={[Function]}
      onResponderRelease={[Function]}
      onResponderTerminate={[Function]}
      onResponderTerminationRequest={[Function]}
      onStartShouldSetResponder={[Function]}
      style={
        Object {
          "alignItems": "center",
          "backgroundColor": "#020a41",
          "borderRadius": 5,
          "flexDirection": "row",
          "justifyContent": "center",
          "marginVertical": 10,
          "opacity": 1,
          "padding": 10,
          "width": "100%",
        }
      }
    >
      <Image
        source={1}
        style={
          Object {
            "height": 20,
            "marginLeft": 30,
            "width": 20,
          }
        }
      />
      <Text
        style={
          Array [
            Object {
              "backgroundColor": "transparent",
              "color": "#ffffff",
              "fontSize": 18,
              "marginHorizontal": 30,
              "marginTop": 7,
            },
            Object {
              "fontFamily": "andale-mono",
            },
          ]
        }
      >
        Lineage Honors
      </Text>
      <Image
        source={1}
        style={
          Object {
            "height": 20,
            "marginRight": 30,
            "width": 20,
          }
        }
      />
    </View>
    <View
      accessible={true}
      focusable={true}
      isTVSelectable={true}
      onClick={[Function]}
      onResponderGrant={[Function]}
      onResponderMove={[Function]}
      onResponderRelease={[Function]}
      onResponderTerminate={[Function]}
      onResponderTerminationRequest={[Function]}
      onStartShouldSetResponder={[Function]}
      style={
        Object {
          "alignItems": "center",
          "backgroundColor": "#020a41",
          "borderRadius": 5,
          "flexDirection": "row",
          "justifyContent": "center",
          "marginVertical": 10,
          "opacity": 1,
          "padding": 10,
          "width": "100%",
        }
      }
    >
      <Image
        source={1}
        style={
          Object {
            "height": 20,
            "marginLeft": 30,
            "width": 20,
          }
        }
      />
      <Text
        style={
          Array [
            Object {
              "backgroundColor": "transparent",
              "color": "#ffffff",
              "fontSize": 18,
              "marginHorizontal": 30,
              "marginTop": 7,
            },
            Object {
              "fontFamily": "andale-mono",
            },
          ]
        }
      >
        Fallen Rakkasans
      </Text>
      <Image
        source={1}
        style={
          Object {
            "height": 20,
            "marginRight": 30,
            "width": 20,
          }
        }
      />
    </View>
    <View
      accessible={true}
      focusable={true}
      isTVSelectable={true}
      onClick={[Function]}
      onResponderGrant={[Function]}
      onResponderMove={[Function]}
      onResponderRelease={[Function]}
      onResponderTerminate={[Function]}
      onResponderTerminationRequest={[Function]}
      onStartShouldSetResponder={[Function]}
      style={
        Object {
          "alignItems": "center",
          "backgroundColor": "#020a41",
          "borderRadius": 5,
          "flexDirection": "row",
          "justifyContent": "center",
          "marginVertical": 10,
          "opacity": 1,
          "padding": 10,
          "width": "100%",
        }
      }
    >
      <Image
        source={1}
        style={
          Object {
            "height": 20,
            "marginLeft": 30,
            "width": 20,
          }
        }
      />
      <Text
        style={
          Array [
            Object {
              "backgroundColor": "transparent",
              "color": "#ffffff",
              "fontSize": 18,
              "marginHorizontal": 30,
              "marginTop": 7,
            },
            Object {
              "fontFamily": "andale-mono",
            },
          ]
        }
      >
        DMOR_HMOR
      </Text>
      <Image
        source={1}
        style={
          Object {
            "height": 20,
            "marginRight": 30,
            "width": 20,
          }
        }
      />
    </View>
    <View
      accessible={true}
      focusable={true}
      isTVSelectable={true}
      onClick={[Function]}
      onResponderGrant={[Function]}
      onResponderMove={[Function]}
      onResponderRelease={[Function]}
      onResponderTerminate={[Function]}
      onResponderTerminationRequest={[Function]}
      onStartShouldSetResponder={[Function]}
      style={
        Object {
          "alignItems": "center",
          "backgroundColor": "#020a41",
          "borderRadius": 5,
          "flexDirection": "row",
          "justifyContent": "center",
          "marginVertical": 10,
          "opacity": 1,
          "padding": 10,
          "width": "100%",
        }
      }
    >
      <Image
        source={1}
        style={
          Object {
            "height": 20,
            "marginLeft": 30,
            "width": 20,
          }
        }
      />
      <Text
        style={
          Array [
            Object {
              "backgroundColor": "transparent",
              "color": "#ffffff",
              "fontSize": 18,
              "marginHorizontal": 30,
              "marginTop": 7,
            },
            Object {
              "fontFamily": "andale-mono",
            },
          ]
        }
      >
        Division History
      </Text>
      <Image
        source={1}
        style={
          Object {
            "height": 20,
            "marginRight": 30,
            "width": 20,
          }
        }
      />
    </View>
    <View
      accessible={true}
      focusable={true}
      isTVSelectable={true}
      onClick={[Function]}
      onResponderGrant={[Function]}
      onResponderMove={[Function]}
      onResponderRelease={[Function]}
      onResponderTerminate={[Function]}
      onResponderTerminationRequest={[Function]}
      onStartShouldSetResponder={[Function]}
      style={
        Object {
          "alignItems": "center",
          "backgroundColor": "#020a41",
          "borderRadius": 5,
          "flexDirection": "row",
          "justifyContent": "center",
          "marginVertical": 10,
          "opacity": 1,
          "padding": 10,
          "width": "100%",
        }
      }
    >
      <Image
        source={1}
        style={
          Object {
            "height": 20,
            "marginLeft": 30,
            "width": 20,
          }
        }
      />
      <Text
        style={
          Array [
            Object {
              "backgroundColor": "transparent",
              "color": "#ffffff",
              "fontSize": 18,
              "marginHorizontal": 30,
              "marginTop": 7,
            },
            Object {
              "fontFamily": "andale-mono",
            },
          ]
        }
      >
        BN History
      </Text>
      <Image
        source={1}
        style={
          Object {
            "height": 20,
            "marginRight": 30,
            "width": 20,
          }
        }
      />
    </View>
    <View
      accessible={true}
      focusable={true}
      isTVSelectable={true}
      onClick={[Function]}
      onResponderGrant={[Function]}
      onResponderMove={[Function]}
      onResponderRelease={[Function]}
      onResponderTerminate={[Function]}
      onResponderTerminationRequest={[Function]}
      onStartShouldSetResponder={[Function]}
      style={
        Object {
          "alignItems": "center",
          "backgroundColor": "#020a41",
          "borderRadius": 5,
          "flexDirection": "row",
          "justifyContent": "center",
          "marginVertical": 10,
          "opacity": 1,
          "padding": 10,
          "width": "100%",
        }
      }
    >
      <Image
        source={1}
        style={
          Object {
            "height": 20,
            "marginLeft": 30,
            "width": 20,
          }
        }
      />
      <Text
        style={
          Array [
            Object {
              "backgroundColor": "transparent",
              "color": "#ffffff",
              "fontSize": 18,
              "marginHorizontal": 30,
              "marginTop": 7,
            },
            Object {
              "fontFamily": "andale-mono",
            },
          ]
        }
      >
        3BDE History
      </Text>
      <Image
        source={1}
        style={
          Object {
            "height": 20,
            "marginRight": 30,
            "width": 20,
          }
        }
      />
    </View>
  </View>
</View>
`;
