// Jest Snapshot v1, https://goo.gl/fbAQLP

exports[`renders correctly 1`] = `
<View
  style={
    Object {
      "alignItems": "center",
      "backgroundColor": "#ffffff",
      "flex": 1,
      "justifyContent": "center",
      "width": "100%",
    }
  }
>
  <Image
    source={1}
    style={
      Object {
        "height": 30,
        "top": "-8%",
        "width": 30,
      }
    }
  />
  <View
    style={
      Array [
        Object {
          "alignItems": "center",
          "flexDirection": "row",
          "justifyContent": "space-evenly",
          "paddingBottom": 20,
          "width": "90%",
        },
        Object {
          "paddingTop": 10,
        },
      ]
    }
  >
    <View
      accessible={true}
      focusable={true}
      isTVSelectable={true}
      onClick={[Function]}
      onResponderGrant={[Function]}
      onResponderMove={[Function]}
      onResponderRelease={[Function]}
      onResponderTerminate={[Function]}
      onResponderTerminationRequest={[Function]}
      onStartShouldSetResponder={[Function]}
      style={
        Object {
          "backgroundColor": "#ffffff",
          "borderRadius": 15,
          "elevation": 5,
          "opacity": 1,
          "padding": 10,
          "shadowColor": "#a0a0a0",
          "shadowOffset": Object {
            "height": 2,
            "width": 0,
          },
          "shadowOpacity": 0.4,
          "shadowRadius": 8,
        }
      }
    >
      <View
        style={
          Array [
            Object {
              "alignItems": "center",
              "justifyContent": "center",
            },
            Object {
              "height": 65,
              "width": 65,
            },
          ]
        }
      >
        <Text
          style={
            Array [
              Object {
                "color": "#333333",
                "paddingBottom": 6,
                "textAlign": "center",
              },
              Object {
                "fontFamily": "andale-mono",
              },
              Object {
                "fontSize": 12,
              },
            ]
          }
        >
          SHARP
        </Text>
        <View
          style={
            Object {
              "alignItems": "center",
              "borderRadius": 19,
              "height": 38,
              "justifyContent": "center",
              "width": 38,
            }
          }
        >
          <Text />
        </View>
      </View>
    </View>
    <View
      accessible={true}
      focusable={true}
      isTVSelectable={true}
      onClick={[Function]}
      onResponderGrant={[Function]}
      onResponderMove={[Function]}
      onResponderRelease={[Function]}
      onResponderTerminate={[Function]}
      onResponderTerminationRequest={[Function]}
      onStartShouldSetResponder={[Function]}
      style={
        Object {
          "backgroundColor": "#ffffff",
          "borderRadius": 15,
          "elevation": 5,
          "opacity": 1,
          "padding": 10,
          "shadowColor": "#a0a0a0",
          "shadowOffset": Object {
            "height": 2,
            "width": 0,
          },
          "shadowOpacity": 0.4,
          "shadowRadius": 8,
        }
      }
    >
      <View
        style={
          Array [
            Object {
              "alignItems": "center",
              "justifyContent": "center",
            },
            Object {
              "height": 65,
              "width": 65,
            },
          ]
        }
      >
        <Text
          style={
            Array [
              Object {
                "color": "#333333",
                "paddingBottom": 6,
                "textAlign": "center",
              },
              Object {
                "fontFamily": "andale-mono",
              },
              Object {
                "fontSize": 12,
              },
            ]
          }
        >
          EO
        </Text>
        <View
          style={
            Object {
              "alignItems": "center",
              "borderRadius": 19,
              "height": 38,
              "justifyContent": "center",
              "width": 38,
            }
          }
        >
          <Text />
        </View>
      </View>
    </View>
  </View>
  <View
    style={
      Object {
        "alignItems": "center",
        "flexDirection": "row",
        "justifyContent": "space-evenly",
        "paddingBottom": 20,
        "width": "90%",
      }
    }
  >
    <View
      accessible={true}
      focusable={true}
      isTVSelectable={true}
      onClick={[Function]}
      onResponderGrant={[Function]}
      onResponderMove={[Function]}
      onResponderRelease={[Function]}
      onResponderTerminate={[Function]}
      onResponderTerminationRequest={[Function]}
      onStartShouldSetResponder={[Function]}
      style={
        Object {
          "backgroundColor": "#ffffff",
          "borderRadius": 15,
          "elevation": 5,
          "opacity": 1,
          "padding": 10,
          "shadowColor": "#a0a0a0",
          "shadowOffset": Object {
            "height": 2,
            "width": 0,
          },
          "shadowOpacity": 0.4,
          "shadowRadius": 8,
        }
      }
    >
      <View
        style={
          Array [
            Object {
              "alignItems": "center",
              "justifyContent": "center",
            },
            Object {
              "height": 65,
              "width": 65,
            },
          ]
        }
      >
        <Text
          style={
            Array [
              Object {
                "color": "#333333",
                "paddingBottom": 6,
                "textAlign": "center",
              },
              Object {
                "fontFamily": "andale-mono",
              },
              Object {
                "fontSize": 12,
              },
            ]
          }
        >
          FRG
        </Text>
        <View
          style={
            Object {
              "alignItems": "center",
              "borderRadius": 19,
              "height": 38,
              "justifyContent": "center",
              "width": 38,
            }
          }
        >
          <Text />
        </View>
      </View>
    </View>
    <View
      accessible={true}
      focusable={true}
      isTVSelectable={true}
      onClick={[Function]}
      onResponderGrant={[Function]}
      onResponderMove={[Function]}
      onResponderRelease={[Function]}
      onResponderTerminate={[Function]}
      onResponderTerminationRequest={[Function]}
      onStartShouldSetResponder={[Function]}
      style={
        Object {
          "backgroundColor": "#ffffff",
          "borderRadius": 15,
          "elevation": 5,
          "opacity": 1,
          "padding": 10,
          "shadowColor": "#a0a0a0",
          "shadowOffset": Object {
            "height": 2,
            "width": 0,
          },
          "shadowOpacity": 0.4,
          "shadowRadius": 8,
        }
      }
    >
      <View
        style={
          Array [
            Object {
              "alignItems": "center",
              "justifyContent": "center",
            },
            Object {
              "height": 65,
              "width": 65,
            },
          ]
        }
      >
        <Text
          style={
            Array [
              Object {
                "color": "#333333",
                "paddingBottom": 6,
                "textAlign": "center",
              },
              Object {
                "fontFamily": "andale-mono",
              },
              Object {
                "fontSize": 12,
              },
            ]
          }
        >
          MWR
        </Text>
        <View
          style={
            Object {
              "alignItems": "center",
              "borderRadius": 19,
              "height": 38,
              "justifyContent": "center",
              "width": 38,
            }
          }
        >
          <Text />
        </View>
      </View>
    </View>
  </View>
  <View
    style={
      Object {
        "alignItems": "center",
        "flexDirection": "row",
        "justifyContent": "space-evenly",
        "paddingBottom": 20,
        "width": "90%",
      }
    }
  >
    <View
      accessible={true}
      focusable={true}
      isTVSelectable={true}
      onClick={[Function]}
      onResponderGrant={[Function]}
      onResponderMove={[Function]}
      onResponderRelease={[Function]}
      onResponderTerminate={[Function]}
      onResponderTerminationRequest={[Function]}
      onStartShouldSetResponder={[Function]}
      style={
        Object {
          "backgroundColor": "#ffffff",
          "borderRadius": 15,
          "elevation": 5,
          "opacity": 1,
          "padding": 10,
          "shadowColor": "#a0a0a0",
          "shadowOffset": Object {
            "height": 2,
            "width": 0,
          },
          "shadowOpacity": 0.4,
          "shadowRadius": 8,
        }
      }
    >
      <View
        style={
          Array [
            Object {
              "alignItems": "center",
              "justifyContent": "center",
            },
            Object {
              "height": 65,
              "width": 65,
            },
          ]
        }
      >
        <Text
          style={
            Array [
              Object {
                "color": "#333333",
                "paddingBottom": 6,
                "textAlign": "center",
              },
              Object {
                "fontFamily": "andale-mono",
              },
              Object {
                "fontSize": 12,
              },
            ]
          }
        >
          BOSS
        </Text>
        <View
          style={
            Object {
              "alignItems": "center",
              "borderRadius": 19,
              "height": 38,
              "justifyContent": "center",
              "width": 38,
            }
          }
        >
          <Text />
        </View>
      </View>
    </View>
    <View
      accessible={true}
      focusable={true}
      isTVSelectable={true}
      onClick={[Function]}
      onResponderGrant={[Function]}
      onResponderMove={[Function]}
      onResponderRelease={[Function]}
      onResponderTerminate={[Function]}
      onResponderTerminationRequest={[Function]}
      onStartShouldSetResponder={[Function]}
      style={
        Object {
          "backgroundColor": "#ffffff",
          "borderRadius": 15,
          "elevation": 5,
          "opacity": 1,
          "padding": 10,
          "shadowColor": "#a0a0a0",
          "shadowOffset": Object {
            "height": 2,
            "width": 0,
          },
          "shadowOpacity": 0.4,
          "shadowRadius": 8,
        }
      }
    >
      <View
        style={
          Array [
            Object {
              "alignItems": "center",
              "justifyContent": "center",
            },
            Object {
              "height": 65,
              "width": 65,
            },
          ]
        }
      >
        <Text
          style={
            Array [
              Object {
                "color": "#333333",
                "paddingBottom": 6,
                "textAlign": "center",
              },
              Object {
                "fontFamily": "andale-mono",
              },
              Object {
                "fontSize": 11,
              },
            ]
          }
        >
          Education
        </Text>
        <View
          style={
            Object {
              "alignItems": "center",
              "borderRadius": 19,
              "height": 38,
              "justifyContent": "center",
              "width": 38,
            }
          }
        >
          <Text />
        </View>
      </View>
    </View>
  </View>
  <View
    style={
      Array [
        Object {
          "alignItems": "center",
          "flexDirection": "row",
          "justifyContent": "space-evenly",
          "paddingBottom": 20,
          "width": "90%",
        },
        Object {
          "paddingBottom": 25,
        },
      ]
    }
  >
    <View
      accessible={true}
      focusable={true}
      isTVSelectable={true}
      onClick={[Function]}
      onResponderGrant={[Function]}
      onResponderMove={[Function]}
      onResponderRelease={[Function]}
      onResponderTerminate={[Function]}
      onResponderTerminationRequest={[Function]}
      onStartShouldSetResponder={[Function]}
      style={
        Object {
          "backgroundColor": "#ffffff",
          "borderRadius": 15,
          "elevation": 5,
          "opacity": 1,
          "padding": 10,
          "shadowColor": "#a0a0a0",
          "shadowOffset": Object {
            "height": 2,
            "width": 0,
          },
          "shadowOpacity": 0.4,
          "shadowRadius": 8,
        }
      }
    >
      <View
        style={
          Array [
            Object {
              "alignItems": "center",
              "justifyContent": "center",
            },
            Object {
              "height": 65,
              "width": 65,
            },
          ]
        }
      >
        <Text
          style={
            Array [
              Object {
                "color": "#333333",
                "paddingBottom": 6,
                "textAlign": "center",
              },
              Object {
                "fontFamily": "andale-mono",
              },
              Object {
                "fontSize": 12,
              },
            ]
          }
        >
          ACS
        </Text>
        <View
          style={
            Object {
              "alignItems": "center",
              "borderRadius": 19,
              "height": 38,
              "justifyContent": "center",
              "width": 38,
            }
          }
        >
          <Text />
        </View>
      </View>
    </View>
    <View
      accessible={true}
      focusable={true}
      isTVSelectable={true}
      onClick={[Function]}
      onResponderGrant={[Function]}
      onResponderMove={[Function]}
      onResponderRelease={[Function]}
      onResponderTerminate={[Function]}
      onResponderTerminationRequest={[Function]}
      onStartShouldSetResponder={[Function]}
      style={
        Object {
          "backgroundColor": "#ffffff",
          "borderRadius": 15,
          "elevation": 5,
          "opacity": 1,
          "padding": 10,
          "shadowColor": "#a0a0a0",
          "shadowOffset": Object {
            "height": 2,
            "width": 0,
          },
          "shadowOpacity": 0.4,
          "shadowRadius": 8,
        }
      }
    >
      <View
        style={
          Array [
            Object {
              "alignItems": "center",
              "justifyContent": "center",
            },
            Object {
              "height": 65,
              "width": 65,
            },
          ]
        }
      >
        <Text
          style={
            Array [
              Object {
                "color": "#333333",
                "paddingBottom": 6,
                "textAlign": "center",
              },
              Object {
                "fontFamily": "andale-mono",
              },
              Object {
                "fontSize": 13,
              },
            ]
          }
        >
          PMO
        </Text>
        <View
          style={
            Object {
              "alignItems": "center",
              "borderRadius": 19,
              "height": 38,
              "justifyContent": "center",
              "width": 38,
            }
          }
        >
          <Text />
        </View>
      </View>
    </View>
  </View>
  <View
    style={
      Array [
        Object {
          "alignItems": "center",
          "flexDirection": "row",
          "justifyContent": "space-evenly",
          "paddingBottom": 20,
          "width": "90%",
        },
        Object {
          "paddingBottom": 25,
        },
      ]
    }
  >
    <View
      accessible={true}
      focusable={true}
      isTVSelectable={true}
      onClick={[Function]}
      onResponderGrant={[Function]}
      onResponderMove={[Function]}
      onResponderRelease={[Function]}
      onResponderTerminate={[Function]}
      onResponderTerminationRequest={[Function]}
      onStartShouldSetResponder={[Function]}
      style={
        Object {
          "backgroundColor": "#ffffff",
          "borderRadius": 15,
          "elevation": 5,
          "opacity": 1,
          "padding": 10,
          "shadowColor": "#a0a0a0",
          "shadowOffset": Object {
            "height": 2,
            "width": 0,
          },
          "shadowOpacity": 0.4,
          "shadowRadius": 8,
        }
      }
    >
      <View
        style={
          Array [
            Object {
              "alignItems": "center",
              "justifyContent": "center",
            },
            Object {
              "height": 65,
              "width": 65,
            },
          ]
        }
      >
        <Text
          style={
            Array [
              Object {
                "color": "#333333",
                "paddingBottom": 6,
                "textAlign": "center",
              },
              Object {
                "fontFamily": "andale-mono",
              },
              Object {
                "fontSize": 11,
              },
            ]
          }
        >
          Retention
        </Text>
        <View
          style={
            Object {
              "alignItems": "center",
              "borderRadius": 19,
              "height": 38,
              "justifyContent": "center",
              "width": 38,
            }
          }
        >
          <Text />
        </View>
      </View>
    </View>
    <View
      accessible={true}
      focusable={true}
      isTVSelectable={true}
      onClick={[Function]}
      onResponderGrant={[Function]}
      onResponderMove={[Function]}
      onResponderRelease={[Function]}
      onResponderTerminate={[Function]}
      onResponderTerminationRequest={[Function]}
      onStartShouldSetResponder={[Function]}
      style={
        Object {
          "backgroundColor": "#ffffff",
          "borderRadius": 15,
          "elevation": 5,
          "opacity": 1,
          "padding": 10,
          "shadowColor": "#a0a0a0",
          "shadowOffset": Object {
            "height": 2,
            "width": 0,
          },
          "shadowOpacity": 0.4,
          "shadowRadius": 8,
        }
      }
    >
      <View
        style={
          Array [
            Object {
              "alignItems": "center",
              "justifyContent": "center",
            },
            Object {
              "height": 65,
              "width": 65,
            },
          ]
        }
      >
        <Text
          style={
            Array [
              Object {
                "color": "#333333",
                "paddingBottom": 6,
                "textAlign": "center",
              },
              Object {
                "fontFamily": "andale-mono",
              },
              Object {
                "fontSize": 11,
              },
            ]
          }
        >
          Religious
        </Text>
        <View
          style={
            Object {
              "alignItems": "center",
              "borderRadius": 19,
              "height": 38,
              "justifyContent": "center",
              "width": 38,
            }
          }
        >
          <Text />
        </View>
      </View>
    </View>
  </View>
  <View
    style={
      Array [
        Object {
          "alignItems": "center",
          "flexDirection": "row",
          "justifyContent": "space-evenly",
          "paddingBottom": 20,
          "width": "90%",
        },
        Object {
          "paddingBottom": 25,
        },
      ]
    }
  >
    <View
      accessible={true}
      focusable={true}
      isTVSelectable={true}
      onClick={[Function]}
      onResponderGrant={[Function]}
      onResponderMove={[Function]}
      onResponderRelease={[Function]}
      onResponderTerminate={[Function]}
      onResponderTerminationRequest={[Function]}
      onStartShouldSetResponder={[Function]}
      style={
        Object {
          "backgroundColor": "#ffffff",
          "borderRadius": 15,
          "elevation": 5,
          "opacity": 1,
          "padding": 10,
          "shadowColor": "#a0a0a0",
          "shadowOffset": Object {
            "height": 2,
            "width": 0,
          },
          "shadowOpacity": 0.4,
          "shadowRadius": 8,
        }
      }
    >
      <View
        style={
          Array [
            Object {
              "alignItems": "center",
              "justifyContent": "center",
            },
            Object {
              "height": 65,
              "width": 65,
            },
          ]
        }
      >
        <Text
          style={
            Array [
              Object {
                "color": "#333333",
                "paddingBottom": 6,
                "textAlign": "center",
              },
              Object {
                "fontFamily": "andale-mono",
              },
              Object {
                "fontSize": 11,
              },
            ]
          }
        >
          ADAM BAE
        </Text>
        <View
          style={
            Object {
              "alignItems": "center",
              "borderRadius": 19,
              "height": 38,
              "justifyContent": "center",
              "width": 38,
            }
          }
        >
          <Text />
        </View>
      </View>
    </View>
  </View>
</View>
`;
